Server running on http://localhost:3333
Fetching real data for BTC (100 days)...
Need 1 requests to fetch 100 days of data
Fetching batch 1/1...
Requested 100 days, returned 100 real data points from Binance (range: 2025-10-17 to 2026-01-24)
Fetching real data for BTC (1825 days)...
Need 2 requests to fetch 1825 days of data
Fetching batch 1/2...
Fetching batch 2/2...
Requested 1825 days, returned 1825 real data points from Binance (range: 2021-01-26 to 2026-01-24)
Fetching real data for BTC (10 days)...
Need 1 requests to fetch 10 days of data
Fetching batch 1/1...
Fetching real data for SOL (10 days)...
Need 1 requests to fetch 10 days of data
Fetching batch 1/1...
Fetching real data for ETH (10 days)...
Need 1 requests to fetch 10 days of data
Fetching batch 1/1...
Requested 10 days, returned 10 real data points from Binance (range: 2026-01-15 to 2026-01-24)
Fetching real data for BTC (10 days)...
Need 1 requests to fetch 10 days of data
Fetching batch 1/1...
Requested 10 days, returned 10 real data points from Binance (range: 2026-01-15 to 2026-01-24)
Requested 10 days, returned 10 real data points from Binance (range: 2026-01-15 to 2026-01-24)
Requested 10 days, returned 10 real data points from Binance (range: 2026-01-15 to 2026-01-24)
Fetching real data for BTC (1825 days)...
Need 2 requests to fetch 1825 days of data
Fetching batch 1/2...
Fetching real data for ETH (1825 days)...
Need 2 requests to fetch 1825 days of data
Fetching batch 1/2...
Fetching batch 2/2...
Fetching batch 2/2...
Requested 1825 days, returned 1825 real data points from Binance (range: 2021-01-26 to 2026-01-24)
Requested 1825 days, returned 1825 real data points from Binance (range: 2021-01-26 to 2026-01-24)
Fetching real data for BTC (1825 days)...
Need 2 requests to fetch 1825 days of data
Fetching batch 1/2...
Fetching batch 2/2...
Requested 1825 days, returned 1825 real data points from Binance (range: 2021-01-26 to 2026-01-24)
Fetching real data for ETH (365 days)...
Need 1 requests to fetch 365 days of data
Fetching batch 1/1...
Fetching real data for BTC (365 days)...
Need 1 requests to fetch 365 days of data
Fetching batch 1/1...
Requested 365 days, returned 365 real data points from Binance (range: 2025-01-25 to 2026-01-24)
Fetching real data for BTC (365 days)...
Need 1 requests to fetch 365 days of data
Fetching batch 1/1...
Requested 365 days, returned 365 real data points from Binance (range: 2025-01-25 to 2026-01-24)
Fetching real data for BTC (365 days)...
Need 1 requests to fetch 365 days of data
Fetching batch 1/1...
Requested 365 days, returned 365 real data points from Binance (range: 2025-01-25 to 2026-01-24)
Fetching real data for BTC (365 days)...
Need 1 requests to fetch 365 days of data
Fetching batch 1/1...
Requested 365 days, returned 365 real data points from Binance (range: 2025-01-25 to 2026-01-24)
Fetching real data for ETH (365 days)...
Need 1 requests to fetch 365 days of data
Fetching batch 1/1...
Requested 365 days, returned 365 real data points from Binance (range: 2025-01-25 to 2026-01-24)
Requested 365 days, returned 365 real data points from Binance (range: 2025-01-25 to 2026-01-24)
Fetching real data for BTC (10 days)...
Need 1 requests to fetch 10 days of data
Fetching batch 1/1...
Fetching real data for ETH (10 days)...
Need 1 requests to fetch 10 days of data
Fetching batch 1/1...
Fetching real data for SOL (10 days)...
Need 1 requests to fetch 10 days of data
Fetching batch 1/1...
Requested 10 days, returned 10 real data points from Binance (range: 2026-01-15 to 2026-01-24)
Requested 10 days, returned 10 real data points from Binance (range: 2026-01-15 to 2026-01-24)
Fetching real data for BTC (10 days)...
Need 1 requests to fetch 10 days of data
Fetching batch 1/1...
Requested 10 days, returned 10 real data points from Binance (range: 2026-01-15 to 2026-01-24)
Requested 10 days, returned 10 real data points from Binance (range: 2026-01-15 to 2026-01-24)
Fetching real data for BTC (1095 days)...
Need 2 requests to fetch 1095 days of data
Fetching batch 1/2...
Fetching real data for ETH (1095 days)...
Need 2 requests to fetch 1095 days of data
Fetching batch 1/2...
Fetching batch 2/2...
Fetching batch 2/2...
Requested 1095 days, returned 1095 real data points from Binance (range: 2023-01-26 to 2026-01-24)
Requested 1095 days, returned 1095 real data points from Binance (range: 2023-01-26 to 2026-01-24)
Fetching real data for BTC (1095 days)...
Need 2 requests to fetch 1095 days of data
Fetching batch 1/2...
Fetching batch 2/2...
Requested 1095 days, returned 1095 real data points from Binance (range: 2023-01-26 to 2026-01-24)
Fetching real data for BTC (10 days)...
Need 1 requests to fetch 10 days of data
Fetching batch 1/1...
Fetching real data for ETH (10 days)...
Need 1 requests to fetch 10 days of data
Fetching batch 1/1...
Fetching real data for SOL (10 days)...
Need 1 requests to fetch 10 days of data
Fetching batch 1/1...
Requested 10 days, returned 10 real data points from Binance (range: 2026-01-15 to 2026-01-24)
Requested 10 days, returned 10 real data points from Binance (range: 2026-01-15 to 2026-01-24)
Requested 10 days, returned 10 real data points from Binance (range: 2026-01-15 to 2026-01-24)
Fetching real data for BTC (10 days)...
Need 1 requests to fetch 10 days of data
Fetching batch 1/1...
Requested 10 days, returned 10 real data points from Binance (range: 2026-01-15 to 2026-01-24)
Fetching real data for ETH (10 days)...
Need 1 requests to fetch 10 days of data
Fetching batch 1/1...
Fetching real data for BTC (10 days)...
Need 1 requests to fetch 10 days of data
Fetching batch 1/1...
Fetching real data for SOL (10 days)...
Need 1 requests to fetch 10 days of data
Fetching batch 1/1...
Requested 10 days, returned 10 real data points from Binance (range: 2026-01-15 to 2026-01-24)
Fetching real data for BTC (10 days)...
Need 1 requests to fetch 10 days of data
Fetching batch 1/1...
Requested 10 days, returned 10 real data points from Binance (range: 2026-01-15 to 2026-01-24)
Requested 10 days, returned 10 real data points from Binance (range: 2026-01-15 to 2026-01-24)
Requested 10 days, returned 10 real data points from Binance (range: 2026-01-15 to 2026-01-24)
